<html>
<body>
<pre>
<h1>µVision Build Log</h1>
<h2>Tool Versions:</h2>
IDE-Version: ¦ÌVision V5.17.0.0
Copyright (C) 2015 ARM Ltd and ARM Germany GmbH. All rights reserved.
License Information: gu gooyle, HP Inc., LIC=50D8T-R3F1K-BXBUY-IAUXF-I9FM9-IWGGD
 
Tool Versions:
Toolchain:       MDK-ARM Professional  Version: 5.17
Toolchain Path:  D:\software_gy\MDK\ARM\ARMCC\Bin
C Compiler:      Armcc.exe V5.06 update 1 (build 61)
Assembler:       Armasm.exe V5.06 update 1 (build 61)
Linker/Locator:  ArmLink.exe V5.06 update 1 (build 61)
Library Manager: ArmAr.exe V5.06 update 1 (build 61)
Hex Converter:   FromElf.exe V5.06 update 1 (build 61)
CPU DLL:         SARMCM3.DLL V5.17
Dialog DLL:      DCM.DLL V1.13.4.0
Target DLL:      STLink\ST-LINKIII-KEIL_SWO.dll V2.0.18.0
Dialog DLL:      TCM.DLL V1.14.6.0
 
<h2>Project:</h2>
C:\Users\gooyle\Desktop\FreeRTOS+MOTOR_PID\USER\FreeRTOS.uvprojx
Project File Date:  09/05/2018

<h2>Output:</h2>
*** Using Compiler 'V5.06 update 1 (build 61)', folder: 'D:\software_gy\MDK\ARM\ARMCC\Bin'
Rebuild target 'FreeRTOS'
compiling rcc_config.c...
..\HARDWARE\Rcc\rcc_config.h(5): warning:  #1-D: last line of file ends without a newline
  #endif
..\HARDWARE\Rcc\rcc_config.c(30): warning:  #1-D: last line of file ends without a newline
  }
..\HARDWARE\Rcc\rcc_config.c: 2 warnings, 0 errors
compiling encoder.c...
compiling sys.c...
compiling pid_initial.c...
..\HARDWARE\PID\pid_initial.h(30): warning:  #1-D: last line of file ends without a newline
  #endif
..\HARDWARE\PID\pid_initial.c(48): warning:  #177-D: variable "Encoder_DifferValue" was declared but never referenced
  	int Encoder_DifferValue = 0;
..\HARDWARE\PID\pid_initial.c: 2 warnings, 0 errors
compiling pwm.c...
..\HARDWARE\PID\pid_initial.h(30): warning:  #1-D: last line of file ends without a newline
  #endif
..\HARDWARE\PWM\pwm.c(145): warning:  #1-D: last line of file ends without a newline
  }
..\HARDWARE\PWM\pwm.c: 2 warnings, 0 errors
compiling delay.c...
compiling stm32f4xx_it.c...
compiling led.c...
compiling system_stm32f4xx.c...
compiling main.c...
..\HARDWARE\PID\pid_initial.h(30): warning:  #1-D: last line of file ends without a newline
  #endif
..\HARDWARE\Rcc\rcc_config.h(5): warning:  #1-D: last line of file ends without a newline
  #endif
main.c(24): warning:  #167-D: argument of type "char *" is incompatible with parameter of type "u8 *"
  LCD_ShowString(30,200,200,24,24,tmp);
main.c: 3 warnings, 0 errors
assembling startup_stm32f40_41xxx.s...
compiling lcd.c...
compiling stm32f4xx_syscfg.c...
compiling stm32f4xx_usart.c...
compiling misc.c...
compiling stm32f4xx_gpio.c...
compiling usart.c...
compiling croutine.c...
compiling stm32f4xx_fsmc.c...
compiling event_groups.c...
compiling stm32f4xx_tim.c...
compiling stm32f4xx_rcc.c...
compiling list.c...
compiling heap_4.c...
compiling port.c...
compiling timers.c...
compiling queue.c...
compiling tasks.c...
linking...
Program Size: Code=30518 RO-data=6546 RW-data=188 ZI-data=23212  
FromELF: creating hex file...
"..\OBJ\LED.axf" - 0 Error(s), 9 Warning(s).

<h2>Collection of Component include folders:</h2>
  C:\Users\gooyle\Desktop\FreeRTOS+MOTOR_PID\USER\RTE
  D:\software_gy\MDK\ARM\PACK\Keil\STM32F4xx_DFP\1.0.8\Device\Include

<h2>Collection of Component Files used:</h2>
Build Time Elapsed:  00:00:07
</pre>
</body>
</html>
